// Jest Snapshot v1, https://goo.gl/fbAQLP

exports[`Prueba en <PrimeraApp /> debe de mostrar <PrimeraApp /> correctamente  1`] = `
<Fragment>
  <h1>
    Hola Matias
  </h1>
  <p>
    Esto es un subt√≠tulo!!!
  </p>
</Fragment>
`;
