// Jest Snapshot v1, https://goo.gl/fbAQLP

exports[`Pruebas en el componente <HooksApp /> debe mostrar el componente <HooksApp /> correctamente  1`] = `
<div>
  <h1>
    Hola Mundo!!!
  </h1>
</div>
`;
