// Jest Snapshot v1, https://goo.gl/fbAQLP

exports[`Prueba en componente <GifGridItem /> debe de mostrar el componente correctamente  1`] = `
<div
  className="card animate__animated animate__fadeIn"
>
  <img />
  <p />
</div>
`;

exports[`Prueba en componente GifGridItem debe de mostrar el componente correctamente  1`] = `
<div
  className="card animate__animated animate__fadeIn"
>
  <img />
  <p />
</div>
`;
